../Core/Src/main.c:105:6:HAL_TIM_PeriodElapsedCallback	16	static
../Core/Src/main.c:117:6:HAL_ADC_ConvCpltCallback	32	static
../Core/Src/main.c:154:6:HAL_UART_RxCpltCallback	16	static
../Core/Src/main.c:168:6:HAL_GPIO_EXTI_Callback	16	static
../Core/Src/main.c:193:5:main	24	static
../Core/Src/main.c:265:6:SystemClock_Config	160	static
../Core/Src/main.c:318:13:MX_NVIC_Init	8	static
../Core/Src/main.c:345:13:MX_ADC1_Init	48	static
../Core/Src/main.c:411:13:MX_ADC2_Init	32	static
../Core/Src/main.c:468:13:MX_ADC4_Init	32	static
../Core/Src/main.c:534:13:MX_DAC1_Init	24	static
../Core/Src/main.c:574:13:MX_SPI3_Init	8	static
../Core/Src/main.c:614:13:MX_TIM2_Init	64	static
../Core/Src/main.c:672:13:MX_TIM4_Init	64	static
../Core/Src/main.c:730:13:MX_TIM8_Init	112	static
../Core/Src/main.c:809:13:MX_USART2_UART_Init	8	static
../Core/Src/main.c:842:13:MX_DMA_Init	16	static
../Core/Src/main.c:855:13:MX_GPIO_Init	48	static
../Core/Src/main.c:934:6:Error_Handler	4	static,ignoring_inline_asm
