../Core/Src/main.c:86:6:HAL_TIM_PeriodElapsedCallback	16	static
../Core/Src/main.c:94:6:HAL_ADC_ConvCpltCallback	24	static
../Core/Src/main.c:105:6:HAL_UART_RxCpltCallback	16	static
../Core/Src/main.c:124:5:main	8	static
../Core/Src/main.c:183:6:SystemClock_Config	160	static
../Core/Src/main.c:233:13:MX_NVIC_Init	8	static
../Core/Src/main.c:248:13:MX_ADC1_Init	48	static
../Core/Src/main.c:314:13:MX_ADC2_Init	32	static
../Core/Src/main.c:371:13:MX_ADC4_Init	32	static
../Core/Src/main.c:437:13:MX_DAC1_Init	24	static
../Core/Src/main.c:477:13:MX_SPI3_Init	8	static
../Core/Src/main.c:517:13:MX_TIM4_Init	64	static
../Core/Src/main.c:575:13:MX_USART2_UART_Init	8	static
../Core/Src/main.c:608:13:MX_DMA_Init	16	static
../Core/Src/main.c:629:13:MX_GPIO_Init	48	static
../Core/Src/main.c:702:6:Error_Handler	4	static,ignoring_inline_asm
