main.c:105:6:HAL_TIM_PeriodElapsedCallback	3
main.c:117:6:HAL_ADC_ConvCpltCallback	7
main.c:154:6:HAL_UART_RxCpltCallback	4
main.c:168:6:HAL_GPIO_EXTI_Callback	7
main.c:193:5:main	2
main.c:265:6:SystemClock_Config	4
main.c:318:13:MX_NVIC_Init	1
main.c:345:13:MX_ADC1_Init	4
main.c:411:13:MX_ADC2_Init	3
main.c:468:13:MX_ADC4_Init	4
main.c:534:13:MX_DAC1_Init	3
main.c:574:13:MX_SPI3_Init	2
main.c:614:13:MX_TIM2_Init	6
main.c:672:13:MX_TIM4_Init	6
main.c:730:13:MX_TIM8_Init	7
main.c:809:13:MX_USART2_UART_Init	2
main.c:842:13:MX_DMA_Init	1
main.c:855:13:MX_GPIO_Init	1
main.c:934:6:Error_Handler	1
