main.c:86:6:HAL_TIM_PeriodElapsedCallback	2
main.c:94:6:HAL_ADC_ConvCpltCallback	3
main.c:105:6:HAL_UART_RxCpltCallback	1
main.c:124:5:main	1
main.c:183:6:SystemClock_Config	4
main.c:233:13:MX_NVIC_Init	1
main.c:248:13:MX_ADC1_Init	4
main.c:314:13:MX_ADC2_Init	3
main.c:371:13:MX_ADC4_Init	4
main.c:437:13:MX_DAC1_Init	3
main.c:477:13:MX_SPI3_Init	2
main.c:517:13:MX_TIM4_Init	6
main.c:575:13:MX_USART2_UART_Init	2
main.c:608:13:MX_DMA_Init	1
main.c:629:13:MX_GPIO_Init	1
main.c:702:6:Error_Handler	1
