2025-03-04 08:57:52,080 [INFO] ApplicationProperties:184 - Using Application install path: C:\ST\STM32CubeIDE_1.12.1\STM32CubeIDE\plugins\com.st.stm32cube.common.mx_6.8.1.202304191431
2025-03-04 08:57:52,158 [INFO] DbMcusXml:78 - Set database path to: C:\ST\STM32CubeIDE_1.12.1\STM32CubeIDE\plugins\com.st.stm32cube.common.mx_6.8.1.202304191431\\db\/mcu/
2025-03-04 08:57:52,158 [INFO] ApiDb:274 - Set plugin database path to: C:\ST\STM32CubeIDE_1.12.1\STM32CubeIDE\plugins\com.st.stm32cube.common.mx_6.8.1.202304191431\\db\/plugins/boardmanager/
2025-03-04 08:57:52,174 [WARN] ApiDb:259 - Overriding images path with different value:  => C:\ST\STM32CubeIDE_1.12.1\STM32CubeIDE\plugins\com.st.stm32cube.common.mx_6.8.1.202304191431\\db\/plugins/mcufinder/images/
2025-03-04 08:57:52,220 [INFO] ApiDb:250 - Set database path to: C:\Users\user\.stmcufinder\plugins\mcufinder//mcu/
2025-03-04 08:57:52,220 [INFO] DbMcusAds:125 - Set database path to: C:\Users\user\.stmcufinder\plugins\mcufinder//mcu/
2025-03-04 08:57:52,236 [INFO] CrossReferenceDbSqlite:203 - Set database path to: C:\Users\user\.stmcufinder\plugins\mcufinder//mcu/cs/
2025-03-04 08:57:52,580 [INFO] RulesReader:64 - Compatibility file has been processed (293 Rules)
2025-03-04 08:57:52,908 [INFO] DbMcusXml:78 - Set database path to: C:\ST\STM32CubeIDE_1.12.1\STM32CubeIDE\plugins\com.st.stm32cube.common.mx_6.8.1.202304191431\\db\/mcu/
2025-03-04 08:57:52,908 [INFO] ApiDb:274 - Set plugin database path to: C:\ST\STM32CubeIDE_1.12.1\STM32CubeIDE\plugins\com.st.stm32cube.common.mx_6.8.1.202304191431\\db\/plugins/boardmanager/
2025-03-04 08:57:52,924 [INFO] ApiDb:261 - Set plugin images path to: C:\ST\STM32CubeIDE_1.12.1\STM32CubeIDE\plugins\com.st.stm32cube.common.mx_6.8.1.202304191431\\db\/plugins/mcufinder/images/
2025-03-04 08:57:52,924 [WARN] DbFile:41 - Overriding database path with different value: C:\Users\user\.stmcufinder\plugins\mcufinder/ => C:\Users\user\.stmcufinder\plugins\mcufinder
2025-03-04 08:57:52,924 [INFO] ApiDb:250 - Set database path to: C:\Users\user\.stmcufinder\plugins\mcufinder//mcu/
2025-03-04 08:57:52,924 [WARN] DbFile:41 - Overriding database path with different value: C:\Users\user\.stmcufinder\plugins\mcufinder/ => C:\Users\user\.stmcufinder\plugins\mcufinder
2025-03-04 08:57:52,924 [INFO] DbMcusAds:125 - Set database path to: C:\Users\user\.stmcufinder\plugins\mcufinder//mcu/
2025-03-04 08:57:52,924 [WARN] DbFile:41 - Overriding database path with different value: C:\Users\user\.stmcufinder\plugins\mcufinder/ => C:\Users\user\.stmcufinder\plugins\mcufinder
2025-03-04 08:57:52,924 [WARN] DbFile:41 - Overriding database path with different value: C:\Users\user\.stmcufinder\plugins\mcufinder/ => C:\Users\user\.stmcufinder\plugins\mcufinder
2025-03-04 08:57:52,924 [INFO] CrossReferenceDbSqlite:203 - Set database path to: C:\Users\user\.stmcufinder\plugins\mcufinder//mcu/cs/
2025-03-04 08:57:53,237 [INFO] MainPanel:253 - HeapMemory: 814743552
2025-03-04 08:57:53,581 [INFO] DbMcusXml:78 - Set database path to: C:\ST\STM32CubeIDE_1.12.1\STM32CubeIDE\plugins\com.st.stm32cube.common.mx_6.8.1.202304191431\\db\/mcu/
2025-03-04 08:57:53,581 [INFO] ApiDb:274 - Set plugin database path to: C:\ST\STM32CubeIDE_1.12.1\STM32CubeIDE\plugins\com.st.stm32cube.common.mx_6.8.1.202304191431\\db\/plugins/boardmanager/
2025-03-04 08:57:53,596 [INFO] ApiDb:261 - Set plugin images path to: C:\ST\STM32CubeIDE_1.12.1\STM32CubeIDE\plugins\com.st.stm32cube.common.mx_6.8.1.202304191431\\db\/plugins/mcufinder/images/
2025-03-04 08:57:53,596 [WARN] DbFile:41 - Overriding database path with different value: C:\Users\user\.stmcufinder\plugins\mcufinder/ => C:\Users\user\.stmcufinder\plugins\mcufinder
2025-03-04 08:57:53,596 [INFO] ApiDb:250 - Set database path to: C:\Users\user\.stmcufinder\plugins\mcufinder//mcu/
2025-03-04 08:57:53,596 [WARN] DbFile:41 - Overriding database path with different value: C:\Users\user\.stmcufinder\plugins\mcufinder/ => C:\Users\user\.stmcufinder\plugins\mcufinder
2025-03-04 08:57:53,596 [INFO] DbMcusAds:125 - Set database path to: C:\Users\user\.stmcufinder\plugins\mcufinder//mcu/
2025-03-04 08:57:53,596 [WARN] DbFile:41 - Overriding database path with different value: C:\Users\user\.stmcufinder\plugins\mcufinder/ => C:\Users\user\.stmcufinder\plugins\mcufinder
2025-03-04 08:57:53,596 [WARN] DbFile:41 - Overriding database path with different value: C:\Users\user\.stmcufinder\plugins\mcufinder/ => C:\Users\user\.stmcufinder\plugins\mcufinder
2025-03-04 08:57:53,596 [INFO] CrossReferenceDbSqlite:203 - Set database path to: C:\Users\user\.stmcufinder\plugins\mcufinder//mcu/cs/
2025-03-04 08:57:53,659 [INFO] ApplicationProperties:184 - Using Application install path: C:\ST\STM32CubeIDE_1.12.1\STM32CubeIDE\plugins\com.st.stm32cube.common.mx_6.8.1.202304191431
2025-03-04 08:57:53,675 [INFO] PluginManage:196 - Search for loadable plugins [exclusion list=, ]
2025-03-04 08:57:53,675 [INFO] PluginManage:310 - Check plugin analytics
2025-03-04 08:57:54,550 [INFO] AnalyticsPlugin:253 - Accepted Software Licenses: 
2025-03-04 08:57:54,550 [INFO] AnalyticsPlugin:255 - Accepted CMSIS Pack Licenses: 
2025-03-04 08:57:54,550 [INFO] AnalyticsPlugin:257 - Accepted Firmware Licenses: FW.G4.1.5.0,FW.F4.1.27.0
2025-03-04 08:57:54,597 [INFO] PluginManage:359 - Loaded plugin analytics (category:tool,tabindex:-1)
2025-03-04 08:57:54,597 [INFO] PluginManage:310 - Check plugin cadmodel
2025-03-04 08:57:54,659 [INFO] CADModel:105 - Init CAD model plugin
2025-03-04 08:57:54,659 [INFO] PluginManage:359 - Loaded plugin cadmodel (category:power,tabindex:5)
2025-03-04 08:57:54,659 [INFO] PluginManage:310 - Check plugin clock
2025-03-04 08:57:54,722 [INFO] PluginManage:359 - Loaded plugin clock (category:base,tabindex:2)
2025-03-04 08:57:54,722 [INFO] PluginManage:310 - Check plugin ddr
2025-03-04 08:57:54,737 [INFO] PluginManage:359 - Loaded plugin ddr (category:tool,tabindex:6)
2025-03-04 08:57:54,737 [INFO] PluginManage:310 - Check plugin filemanager
2025-03-04 08:57:55,206 [INFO] PluginManage:359 - Loaded plugin filemanager (category:base,tabindex:10)
2025-03-04 08:57:55,206 [INFO] PluginManage:310 - Check plugin ipmanager
2025-03-04 08:57:55,222 [INFO] PluginManage:359 - Loaded plugin ipmanager (category:base,tabindex:5)
2025-03-04 08:57:55,222 [INFO] PluginManage:310 - Check plugin lpbam
2025-03-04 08:57:55,269 [INFO] PluginManage:359 - Loaded plugin lpbam (category:base,tabindex:0)
2025-03-04 08:57:55,269 [INFO] PluginManage:310 - Check plugin pinoutandconfiguration
2025-03-04 08:57:55,316 [INFO] PluginManage:359 - Loaded plugin pinoutandconfiguration (category:base,tabindex:1)
2025-03-04 08:57:55,316 [INFO] PluginManage:310 - Check plugin pinoutconfig
2025-03-04 08:57:55,597 [WARN] SupportedApi:132 - Cannot load RTOS API schema: s4s-elt-must-match.1: The content of 'definitions' must match (annotation?, (simpleType | complexType)?, (unique | key | keyref)*)). A problem was found starting at: attribute.
2025-03-04 08:57:56,067 [INFO] PluginManage:359 - Loaded plugin pinoutconfig (category:base,tabindex:0)
2025-03-04 08:57:56,067 [INFO] PluginManage:310 - Check plugin power
2025-03-04 08:57:56,130 [INFO] PluginManage:359 - Loaded plugin power (category:power,tabindex:4)
2025-03-04 08:57:56,130 [INFO] PluginManage:310 - Check plugin projectmanager
2025-03-04 08:57:56,177 [INFO] PluginManage:359 - Loaded plugin projectmanager (category:projectmanager,tabindex:3)
2025-03-04 08:57:56,177 [INFO] PluginManage:310 - Check plugin thirdparty
2025-03-04 08:57:56,552 [WARN] IntegrityCheckThread:84 - waiting for thirdparty lock release [integrity check]
2025-03-04 08:57:56,552 [INFO] PluginManage:359 - Loaded plugin thirdparty (category:base,tabindex:-1)
2025-03-04 08:57:56,552 [INFO] PluginManage:310 - Check plugin tools
2025-03-04 08:57:56,552 [INFO] IntegrityCheckThread:86 - entering critical section [integrity check]
2025-03-04 08:57:56,568 [INFO] ThirdPartyUpdaterWithRetryManager:70 - Updater plugin not ready yet. [1/15]
2025-03-04 08:57:56,568 [INFO] PluginManage:359 - Loaded plugin tools (category:base,tabindex:7)
2025-03-04 08:57:56,568 [INFO] PluginManage:310 - Check plugin tutovideos
2025-03-04 08:57:57,130 [INFO] PluginManage:359 - Loaded plugin tutovideos (category:base,tabindex:-1)
2025-03-04 08:57:57,130 [INFO] PluginManage:310 - Check plugin updater
2025-03-04 08:57:57,177 [INFO] PluginManage:359 - Loaded plugin updater (category:base,tabindex:12)
2025-03-04 08:57:57,177 [INFO] PluginManage:283 - PluginManage : Loaded plugins [15]
2025-03-04 08:57:57,850 [INFO] PinOutPanel:1499 - setPackage(No Configuration,No Configuration)
2025-03-04 08:57:58,037 [INFO] CADModel:165 - CPN selected for project level
2025-03-04 08:57:58,037 [INFO] CADModel:114 - Register for checkConnection events
2025-03-04 08:57:58,116 [INFO] IPUIPlugin:80 - create IPUIPlugin
2025-03-04 08:57:58,116 [INFO] PluginManager:220 - loadIPPluginJar : add adc
2025-03-04 08:57:58,131 [INFO] IPUIPlugin:80 - create IPUIPlugin
2025-03-04 08:57:58,131 [INFO] PluginManager:220 - loadIPPluginJar : add aes
2025-03-04 08:57:58,162 [INFO] IPUIPlugin:80 - create IPUIPlugin
2025-03-04 08:57:58,162 [INFO] PluginManager:220 - loadIPPluginJar : add can
2025-03-04 08:57:58,178 [INFO] IPUIPlugin:80 - create IPUIPlugin
2025-03-04 08:57:58,178 [INFO] PluginManager:220 - loadIPPluginJar : add comp
2025-03-04 08:57:58,194 [INFO] IPUIPlugin:80 - create IPUIPlugin
2025-03-04 08:57:58,194 [INFO] PluginManager:220 - loadIPPluginJar : add cryp
2025-03-04 08:57:58,194 [INFO] IPUIPlugin:80 - create IPUIPlugin
2025-03-04 08:57:58,194 [INFO] PluginManager:220 - loadIPPluginJar : add dfsdm
2025-03-04 08:57:58,225 [INFO] IPUIPlugin:80 - create IPUIPlugin
2025-03-04 08:57:58,225 [INFO] PluginManager:220 - loadIPPluginJar : add dma
2025-03-04 08:57:58,241 [INFO] IPUIPlugin:80 - create IPUIPlugin
2025-03-04 08:57:58,241 [INFO] PluginManager:220 - loadIPPluginJar : add dma3
2025-03-04 08:57:58,256 [INFO] IPUIPlugin:80 - create IPUIPlugin
2025-03-04 08:57:58,256 [INFO] PluginManager:220 - loadIPPluginJar : add fatfs
2025-03-04 08:57:58,272 [INFO] IPUIPlugin:80 - create IPUIPlugin
2025-03-04 08:57:58,272 [INFO] PluginManager:220 - loadIPPluginJar : add fmc
2025-03-04 08:57:58,303 [INFO] IPUIPlugin:80 - create IPUIPlugin
2025-03-04 08:57:58,303 [INFO] PluginManager:220 - loadIPPluginJar : add freertos
2025-03-04 08:57:58,319 [INFO] IPUIPlugin:80 - create IPUIPlugin
2025-03-04 08:57:58,319 [INFO] PluginManager:220 - loadIPPluginJar : add genericplugin
2025-03-04 08:57:58,334 [INFO] IPUIPlugin:80 - create IPUIPlugin
2025-03-04 08:57:58,334 [INFO] PluginManager:220 - loadIPPluginJar : add gfxmmu
2025-03-04 08:57:58,350 [INFO] IPUIPlugin:80 - create IPUIPlugin
2025-03-04 08:57:58,350 [INFO] PluginManager:220 - loadIPPluginJar : add gic
2025-03-04 08:57:58,397 [INFO] IPUIPlugin:80 - create IPUIPlugin
2025-03-04 08:57:58,397 [INFO] PluginManager:220 - loadIPPluginJar : add gpio
2025-03-04 08:57:58,413 [INFO] IPUIPlugin:80 - create IPUIPlugin
2025-03-04 08:57:58,428 [INFO] PluginManager:220 - loadIPPluginJar : add gtzc
2025-03-04 08:57:58,444 [INFO] IPUIPlugin:80 - create IPUIPlugin
2025-03-04 08:57:58,444 [INFO] PluginManager:220 - loadIPPluginJar : add hash
2025-03-04 08:57:58,459 [INFO] IPUIPlugin:80 - create IPUIPlugin
2025-03-04 08:57:58,459 [INFO] PluginManager:220 - loadIPPluginJar : add i2c
2025-03-04 08:57:58,475 [INFO] IPUIPlugin:80 - create IPUIPlugin
2025-03-04 08:57:58,475 [INFO] PluginManager:220 - loadIPPluginJar : add i2s
2025-03-04 08:57:58,491 [INFO] IPUIPlugin:80 - create IPUIPlugin
2025-03-04 08:57:58,491 [INFO] PluginManager:220 - loadIPPluginJar : add i3c
2025-03-04 08:57:58,506 [INFO] IPUIPlugin:80 - create IPUIPlugin
2025-03-04 08:57:58,506 [INFO] PluginManager:220 - loadIPPluginJar : add ipddr
2025-03-04 08:57:58,538 [INFO] IPUIPlugin:80 - create IPUIPlugin
2025-03-04 08:57:58,538 [INFO] PluginManager:220 - loadIPPluginJar : add linkedlist
2025-03-04 08:57:58,538 [INFO] IPUIPlugin:80 - create IPUIPlugin
2025-03-04 08:57:58,538 [INFO] PluginManager:220 - loadIPPluginJar : add lorawan
2025-03-04 08:57:58,569 [INFO] IPUIPlugin:80 - create IPUIPlugin
2025-03-04 08:57:58,569 [INFO] PluginManager:220 - loadIPPluginJar : add ltdc
2025-03-04 08:57:58,584 [INFO] IPUIPlugin:80 - create IPUIPlugin
2025-03-04 08:57:58,584 [INFO] PluginManager:220 - loadIPPluginJar : add mdma
2025-03-04 08:57:58,616 [INFO] IPUIPlugin:80 - create IPUIPlugin
2025-03-04 08:57:58,616 [INFO] PluginManager:220 - loadIPPluginJar : add nvic
2025-03-04 08:57:58,631 [INFO] IPUIPlugin:80 - create IPUIPlugin
2025-03-04 08:57:58,631 [INFO] PluginManager:220 - loadIPPluginJar : add opamp
2025-03-04 08:57:58,663 [INFO] IPUIPlugin:80 - create IPUIPlugin
2025-03-04 08:57:58,663 [INFO] PluginManager:220 - loadIPPluginJar : add openamp
2025-03-04 08:57:58,663 [INFO] IPUIPlugin:80 - create IPUIPlugin
2025-03-04 08:57:58,663 [INFO] PluginManager:220 - loadIPPluginJar : add pdm2pcm
2025-03-04 08:57:58,695 [INFO] IPUIPlugin:80 - create IPUIPlugin
2025-03-04 08:57:58,710 [INFO] PluginManager:220 - loadIPPluginJar : add plateformsettings
2025-03-04 08:57:58,710 [INFO] IPUIPlugin:80 - create IPUIPlugin
2025-03-04 08:57:58,710 [INFO] PluginManager:220 - loadIPPluginJar : add quadspi
2025-03-04 08:57:58,741 [INFO] IPUIPlugin:80 - create IPUIPlugin
2025-03-04 08:57:58,741 [INFO] PluginManager:220 - loadIPPluginJar : add resmgrutility
2025-03-04 08:57:58,757 [INFO] IPUIPlugin:80 - create IPUIPlugin
2025-03-04 08:57:58,757 [INFO] PluginManager:220 - loadIPPluginJar : add sai
2025-03-04 08:57:58,773 [INFO] IPUIPlugin:80 - create IPUIPlugin
2025-03-04 08:57:58,773 [INFO] PluginManager:220 - loadIPPluginJar : add spi
2025-03-04 08:57:58,804 [INFO] IPUIPlugin:80 - create IPUIPlugin
2025-03-04 08:57:58,804 [INFO] PluginManager:220 - loadIPPluginJar : add stm32_wpan
2025-03-04 08:57:58,820 [INFO] IPUIPlugin:80 - create IPUIPlugin
2025-03-04 08:57:58,820 [INFO] PluginManager:220 - loadIPPluginJar : add tim
2025-03-04 08:57:58,835 [INFO] IPUIPlugin:80 - create IPUIPlugin
2025-03-04 08:57:58,835 [INFO] PluginManager:220 - loadIPPluginJar : add touchsensing
2025-03-04 08:57:58,835 [INFO] IPUIPlugin:80 - create IPUIPlugin
2025-03-04 08:57:58,835 [INFO] PluginManager:220 - loadIPPluginJar : add tracer_emb
2025-03-04 08:57:58,851 [INFO] IPUIPlugin:80 - create IPUIPlugin
2025-03-04 08:57:58,851 [INFO] PluginManager:220 - loadIPPluginJar : add ts
2025-03-04 08:57:58,851 [INFO] IPUIPlugin:80 - create IPUIPlugin
2025-03-04 08:57:58,851 [INFO] PluginManager:220 - loadIPPluginJar : add tsc
2025-03-04 08:57:58,866 [INFO] IPUIPlugin:80 - create IPUIPlugin
2025-03-04 08:57:58,866 [INFO] PluginManager:220 - loadIPPluginJar : add ucpd
2025-03-04 08:57:58,882 [INFO] IPUIPlugin:80 - create IPUIPlugin
2025-03-04 08:57:58,882 [INFO] PluginManager:220 - loadIPPluginJar : add usart
2025-03-04 08:57:58,898 [INFO] IPUIPlugin:80 - create IPUIPlugin
2025-03-04 08:57:58,898 [INFO] PluginManager:220 - loadIPPluginJar : add usbx
2025-03-04 08:57:59,180 [INFO] CADModel:165 - CPN selected for project level
2025-03-04 08:57:59,180 [INFO] CADModel:114 - Register for checkConnection events
2025-03-04 08:57:59,180 [FATAL] Updater:308 - Updater called before beeing initialized
2025-03-04 08:57:59,180 [ERROR] CADModel:125 - Updater not yet initialized, retry later 
2025-03-04 08:57:59,571 [INFO] ThirdPartyUpdaterWithRetryManager:70 - Updater plugin not ready yet. [2/15]
2025-03-04 08:57:59,868 [INFO] CADModel:165 - CPN selected for project level
2025-03-04 08:57:59,868 [INFO] CADModel:114 - Register for checkConnection events
2025-03-04 08:57:59,868 [FATAL] Updater:308 - Updater called before beeing initialized
2025-03-04 08:57:59,868 [ERROR] CADModel:125 - Updater not yet initialized, retry later 
2025-03-04 08:57:59,868 [FATAL] Updater:308 - Updater called before beeing initialized
2025-03-04 08:58:00,258 [FATAL] Updater:308 - Updater called before beeing initialized
2025-03-04 08:58:00,289 [INFO] DbMcusAds:53 - JSON generation date=Tue Dec 17 17:01:15 CET 2024 (1734451275222)
2025-03-04 08:58:00,289 [FATAL] Updater:308 - Updater called before beeing initialized
2025-03-04 08:58:00,399 [WARN] DetailPanel:346 - Failed to get advertising image, set to default
2025-03-04 08:58:00,765 [FATAL] Updater:308 - Updater called before beeing initialized
2025-03-04 08:58:00,781 [FATAL] Updater:308 - Updater called before beeing initialized
2025-03-04 08:58:00,781 [FATAL] Updater:308 - Updater called before beeing initialized
2025-03-04 08:58:00,781 [WARN] DetailPanel:346 - Failed to get advertising image, set to default
2025-03-04 08:58:00,781 [FATAL] Updater:308 - Updater called before beeing initialized
2025-03-04 08:58:00,952 [ERROR] Updater:1120 - MainUpdater not yet initialized. External WinMGr cannot be set.
2025-03-04 08:58:00,984 [INFO] Updater:1056 - Updater Version found : 6.8.1
2025-03-04 08:58:01,046 [INFO] ApplicationProperties:184 - Using Application install path: C:\ST\STM32CubeIDE_1.12.1\STM32CubeIDE\plugins\com.st.stm32cube.common.mx_6.8.1.202304191431
2025-03-04 08:58:01,390 [INFO] MainUpdater:2854 - connection check result : 10
2025-03-04 08:58:01,390 [INFO] MainUpdater:3548 - Updater definition file requires update
2025-03-04 08:58:01,390 [INFO] MainUpdater:283 - Updater Check For Update Now.
2025-03-04 08:58:01,406 [INFO] MicroXplorer:498 - Change Database Version : DB.6.0.81
2025-03-04 08:58:01,437 [INFO] ServerAccessManage:473 - Download File updaters.zip
2025-03-04 08:58:01,547 [INFO] FileExtend:240 - Unzip File : updaters.zip
2025-03-04 08:58:01,547 [INFO] FileExtend:255 - Standard Zip Deflate
2025-03-04 08:58:02,578 [WARN] MainUpdater:1187 - Updater busy. Cannot search thirdparties
2025-03-04 08:58:02,578 [INFO] ThirdPartyUpdaterWithRetryManager:96 - Updater plugin is busy. [1/15]
2025-03-04 08:58:02,984 [INFO] ServerAccessManage:473 - Download File PacksControlFlags.xml
2025-03-04 08:58:03,110 [INFO] ServerAccessManage:473 - Download File cubemx.pidx
2025-03-04 08:58:03,501 [INFO] ServerAccessManage:473 - Download File STMicroelectronics.FP-ATR-ASTRA1.pdsc
2025-03-04 08:58:04,001 [INFO] ServerAccessManage:473 - Download File STMicroelectronics.X-CUBE-AI.pdsc
2025-03-04 08:58:04,768 [INFO] ServerAccessManage:473 - Download File STMicroelectronics.X-CUBE-BLE1.pdsc
2025-03-04 08:58:05,253 [ERROR] ServerAccessManage:1089 - Problem, file not found on Server
2025-03-04 08:58:05,581 [WARN] MainUpdater:1187 - Updater busy. Cannot search thirdparties
2025-03-04 08:58:05,581 [INFO] ThirdPartyUpdaterWithRetryManager:96 - Updater plugin is busy. [2/15]
2025-03-04 08:58:07,097 [WARN] PackLoader:240 - Cannot read IP mode file for STMicroelectronics.FP-ATR-ASTRA1.2.0.2
2025-03-04 08:58:07,129 [WARN] PackLoader:240 - Cannot read IP mode file for STMicroelectronics.X-CUBE-AI.10.0.0
2025-03-04 08:58:07,144 [WARN] PackLoader:240 - Cannot read IP mode file for STMicroelectronics.X-CUBE-BLE1.7.1.0
2025-03-04 08:58:07,144 [INFO] PopulateThirdPartyThread:66 - Ending populate Thread
2025-03-04 08:58:07,160 [INFO] ThirdParty:1030 - CMSIS Pack Vendor :STMicroelectronics X-CUBE-AI 10.0.0
2025-03-04 08:58:07,160 [INFO] ThirdParty:1030 - CMSIS Pack Vendor :STMicroelectronics FP-ATR-ASTRA1 2.0.2
2025-03-04 08:58:07,160 [INFO] ThirdParty:1030 - CMSIS Pack Vendor :STMicroelectronics X-CUBE-BLE1 7.1.0
2025-03-04 08:58:07,160 [INFO] LoadServerUpdatesThread:373 - End of LoadServerUpdate Thread
2025-03-04 08:58:07,238 [INFO] CheckServerUpdateThread:120 - End of CheckServer Thread
2025-03-04 08:58:07,364 [INFO] MainUpdater:2854 - connection check result : 10
2025-03-04 08:58:07,380 [INFO] McuFinderGlobals:66 - Set McuFinderConnectedMode to true
2025-03-04 08:58:07,849 [INFO] ServerAccessManage:473 - Download File mcusAds.json._tmp_
2025-03-04 08:58:07,989 [INFO] LoadUrlFilesThread:156 - End of LoadUrlFiles Thread
2025-03-04 08:58:08,146 [INFO] ServerAccessManage:473 - Download File cube-finder-db.zip
2025-03-04 08:58:08,585 [WARN] MainUpdater:1187 - Updater busy. Cannot search thirdparties
2025-03-04 08:58:08,585 [INFO] ThirdPartyUpdaterWithRetryManager:96 - Updater plugin is busy. [3/15]
2025-03-04 08:58:10,420 [INFO] FileExtend:240 - Unzip File : cube-finder-db.zip
2025-03-04 08:58:10,420 [INFO] FileExtend:255 - Standard Zip Deflate
2025-03-04 08:58:11,594 [WARN] MainUpdater:1187 - Updater busy. Cannot search thirdparties
2025-03-04 08:58:11,594 [INFO] ThirdPartyUpdaterWithRetryManager:96 - Updater plugin is busy. [4/15]
2025-03-04 08:58:12,031 [INFO] LoadUrlFilesThread:156 - End of LoadUrlFiles Thread
2025-03-04 08:58:12,281 [INFO] ServerAccessManage:473 - Download File crdb.zip
2025-03-04 08:58:12,406 [INFO] FileExtend:240 - Unzip File : crdb.zip
2025-03-04 08:58:12,406 [INFO] FileExtend:255 - Standard Zip Deflate
2025-03-04 08:58:12,594 [INFO] LoadUrlFilesThread:156 - End of LoadUrlFiles Thread
2025-03-04 08:58:12,703 [INFO] ServerAccessManage:473 - Download File tutoVideoDB.zip
2025-03-04 08:58:12,719 [INFO] FileExtend:240 - Unzip File : tutoVideoDB.zip
2025-03-04 08:58:12,719 [INFO] FileExtend:255 - Standard Zip Deflate
2025-03-04 08:58:12,875 [INFO] LoadUrlFilesThread:156 - End of LoadUrlFiles Thread
2025-03-04 08:58:12,891 [WARN] DbFile:41 - Overriding database path with different value: C:\Users\user\.stmcufinder\plugins\mcufinder/ => C:\Users\user\.stmcufinder\plugins\mcufinder
2025-03-04 08:58:13,016 [INFO] ServerAccessManage:473 - Download File api_config.json
2025-03-04 08:58:13,156 [INFO] LoadUrlFilesThread:156 - End of LoadUrlFiles Thread
2025-03-04 08:58:13,156 [INFO] DbMcusAds:53 - JSON generation date=Tue Dec 17 17:01:15 CET 2024 (1734451275143)
2025-03-04 08:58:13,234 [INFO] LoadUrlFilesThread:185 - End of LoadServerUrlFiles without Thread
2025-03-04 08:58:13,234 [INFO] TargetSelectorAdapter:259 - Refresh data is successful
2025-03-04 08:58:13,454 [INFO] ApiDb:581 - Connected to CubeFinder SQLite database (C:\Users\user\.stmcufinder\plugins\mcufinder\mcu\cube-finder-db.db)
2025-03-04 08:58:13,689 [INFO] ApiDb:668 - CubeFinder database Data Model version=2.1
2025-03-04 08:58:13,689 [INFO] ApiDb:669 - CubeFinder database Configuration version=3.0.39
2025-03-04 08:58:13,689 [INFO] ApiDb:670 - CubeFinder database generation date=2025-02-18 (1739885696)
2025-03-04 08:58:13,689 [INFO] ApiDb:671 - CubeFinder database FW Pack versions=[FP-ATR-ASTRA1_V2.0.0, FP-SNS-FLIGHT1_V5.0.2, FP-SNS-MOTENV1_V5.0.0, FP-SNS-MOTENVWB1_V1.4.0, FP-SNS-SMARTAG2_V1.2.0, FP-SNS-STBOX1_V2.0.0, STM32Cube_FW_C0_V1.4.0, STM32Cube_FW_F4_V1.28.1, STM32Cube_FW_F7_V1.17.2, STM32Cube_FW_G0_V1.6.2, STM32Cube_FW_G4_V1.6.1, STM32Cube_FW_H5_V1.5.0, STM32Cube_FW_H7RS_V1.2.0, STM32Cube_FW_H7_V1.12.1, STM32Cube_FW_L0_V1.12.2, STM32Cube_FW_L4_V1.18.1, STM32Cube_FW_L5_V1.5.1, STM32Cube_FW_N6_V1.1.0, STM32Cube_FW_U0_V1.2.0, STM32Cube_FW_U3_V1.1.0, STM32Cube_FW_U5_V1.7.0, STM32Cube_FW_WB0_V1.2.0, STM32Cube_FW_WBA_V1.6.0, STM32Cube_FW_WB_V1.22.0, STM32Cube_FW_WL3_V1.1.0, STM32Cube_FW_WL_V1.3.1, X-CUBE-ALGOBUILD_V1.4.0, X-CUBE-ALS_V1.0.2, X-CUBE-AZRTOS-F4_V1.1.0, X-CUBE-AZRTOS-F7_V1.1.0, X-CUBE-AZRTOS-G0_V1.1.0, X-CUBE-AZRTOS-G4_V2.0.0, X-CUBE-AZRTOS-H7RS_V1.0.0, X-CUBE-AZRTOS-H7_V3.3.0, X-CUBE-AZRTOS-L4_V2.0.0, X-CUBE-AZRTOS-L5_V2.0.0, X-CUBE-AZRTOS-WB_V2.0.0, X-CUBE-AZRTOS-WL_V2.0.0, X-CUBE-BLE1_V7.0.0, X-CUBE-BLE2_V3.3.0, X-CUBE-BLEMGR_V4.0.0, X-CUBE-EEPRMA1_V5.1.0, X-CUBE-FREERTOS_V1.3.0, X-CUBE-GNSS1_V6.0.0, X-CUBE-MEMS1_V11.1.0, X-CUBE-NFC4_V3.0.0, X-CUBE-NFC7_V1.0.1, X-CUBE-SFXS2LP1_V4.0.0, X-CUBE-SUBG2_V5.0.0, X-CUBE-TOF1_V3.4.2]
2025-03-04 08:58:15,377 [WARN] PackLoader:240 - Cannot read IP mode file for STMicroelectronics.FP-SNS-MOTENVWB1.1.4.0
2025-03-04 08:58:15,393 [WARN] PackLoader:240 - Cannot read IP mode file for STMicroelectronics.FP-ATR-ASTRA1.2.0.2
2025-03-04 08:58:15,393 [WARN] PackLoader:240 - Cannot read IP mode file for STMicroelectronics.FP-ATR-ASTRA1.2.0.1
2025-03-04 08:58:15,424 [WARN] PackLoader:240 - Cannot read IP mode file for STMicroelectronics.X-CUBE-SMBUS.2.1.0
2025-03-04 08:58:15,440 [WARN] PackLoader:240 - Cannot read IP mode file for STMicroelectronics.X-CUBE-WB05N.1.1.0
2025-03-04 08:58:15,455 [WARN] PackLoader:240 - Cannot read IP mode file for STMicroelectronics.X-CUBE-TOUCHGFX.4.23.2
2025-03-04 08:58:15,502 [WARN] PackLoader:240 - Cannot read IP mode file for STMicroelectronics.X-CUBE-AZRTOS-F7.1.1.0
2025-03-04 08:58:15,533 [ERROR] RealEvaluatedCondition:428 - Found unsupported composite condition: CLASS='Data Exchange' GROUP='STM32_MetaDataManager'
2025-03-04 08:58:15,533 [ERROR] RealEvaluatedCondition:428 - Found unsupported composite condition: CLASS='Data Exchange' GROUP='STM32_MetaDataManager'
2025-03-04 08:58:15,533 [WARN] PackLoader:240 - Cannot read IP mode file for STMicroelectronics.FP-SNS-MOTENV1.4.3.0
2025-03-04 08:58:15,549 [WARN] PackLoader:240 - Cannot read IP mode file for STMicroelectronics.FP-SNS-MOTENV1.4.3.2
2025-03-04 08:58:15,565 [WARN] PackLoader:240 - Cannot read IP mode file for STMicroelectronics.FP-SNS-FLIGHT1.5.0.0
2025-03-04 08:58:15,580 [ERROR] RealEvaluatedCondition:428 - Found unsupported composite condition: GROUP='STM32_MetaDataManager' CLASS='Data Exchange'
2025-03-04 08:58:15,580 [ERROR] RealEvaluatedCondition:428 - Found unsupported composite condition: CLASS='Data Exchange' GROUP='STM32_MetaDataManager'
2025-03-04 08:58:15,580 [WARN] PackLoader:240 - Cannot read IP mode file for STMicroelectronics.FP-SNS-MOTENV1.4.3.1
2025-03-04 08:58:15,596 [WARN] PackLoader:240 - Cannot read IP mode file for STMicroelectronics.FP-SNS-FLIGHT1.5.0.1
2025-03-04 08:58:15,611 [WARN] PackLoader:240 - Cannot read IP mode file for STMicroelectronics.X-CUBE-BLE1.6.2.4
2025-03-04 08:58:15,627 [WARN] PackLoader:240 - Cannot read IP mode file for STMicroelectronics.FP-SNS-FLIGHT1.5.0.2
2025-03-04 08:58:15,643 [WARN] PackLoader:240 - Cannot read IP mode file for STMicroelectronics.X-CUBE-DISPLAY.3.0.0
2025-03-04 08:58:15,658 [WARN] PackLoader:240 - Cannot read IP mode file for STMicroelectronics.X-CUBE-BLE1.7.0.0
2025-03-04 08:58:15,674 [WARN] PackLoader:240 - Cannot read IP mode file for STMicroelectronics.X-CUBE-NFC10.1.0.0
2025-03-04 08:58:15,690 [ERROR] Engine:466 - C:\Users\user\.stm32cubemx\thirdparties\pdsc\STMicroelectronics.X-CUBE-BLEMGR.4.0.0.pdsc: PDSC version is not supported
2025-03-04 08:58:15,705 [WARN] PackLoader:240 - Cannot read IP mode file for STMicroelectronics.X-CUBE-TOUCHGFX.4.22.0
2025-03-04 08:58:15,721 [WARN] PackLoader:240 - Cannot read IP mode file for STMicroelectronics.X-CUBE-BLEMGR.3.1.0
2025-03-04 08:58:15,736 [WARN] PackLoader:240 - Cannot read IP mode file for STMicroelectronics.X-CUBE-AI.10.0.0
2025-03-04 08:58:15,752 [WARN] PackLoader:240 - Cannot read IP mode file for STMicroelectronics.FP-SNS-SMARTAG2.1.2.0
2025-03-04 08:58:15,877 [WARN] PackLoader:240 - Cannot read IP mode file for STMicroelectronics.X-CUBE-MEMS1.11.1.0
